23:04:12 - INFO - Starting test: purchase_success
23:04:12 - INFO - Purchase result: Purchase completed.
Itms:
Laptop: 1 x $1000
Mouse: 2 x $50
Coupon: DISCOUNT10
Shipping Addresss: Av. Vallarta 123, Guadalajara
Total to payy: $935.00
23:04:12 - INFO - Test passed: purchase_success
23:04:12 - INFO - Starting test: invalid_item
23:04:12 - INFO - Purchase result:  Error: 'PlayStation' is not a valid item.
23:04:12 - INFO - Test passed: invalid_item
23:04:12 - INFO - Starting test: invalid_coupon
23:04:12 - INFO - Purchase result:  Error: The entered coupon code is not valid.
23:04:12 - INFO - Test passed: invalid_coupon
23:04:12 - INFO - Purchase_result: Purchase completed.
Itms:
Printer: 2 x $200
Webcam: 3 x $70
Coupon: None
Shipping Addresss: Av, patria
Total to payy: $610.00
23:04:12 - INFO - Purchase_result: Purchase completed.
Itms:
Printer: 2 x $200
Webcam: 3 x $70
Coupon: None
Shipping Addresss: 
Total to payy: $610.00
23:04:12 - INFO - FAIL
